// Jest Snapshot v1, https://goo.gl/fbAQLP

exports[`OAUTH_AUTHORIZE_URIS should match snapshot 1`] = `
{
  "1": "https://us.battle.net/oauth/authorize",
  "2": "https://eu.battle.net/oauth/authorize",
  "3": "https://apac.battle.net/oauth/authorize",
  "5": "https://www.battlenet.com.cn/oauth/authorize",
}
`;
