// Jest Snapshot v1, https://goo.gl/fbAQLP

exports[`getApiHostByRegion() should return correct value for \${regionId} as valid region id 1`] = `"https://us.api.blizzard.com"`;

exports[`getApiHostByRegion() should return correct value for \${regionId} as valid region id 2`] = `"https://eu.api.blizzard.com"`;

exports[`getApiHostByRegion() should return correct value for \${regionId} as valid region id 3`] = `"https://kr.api.blizzard.com"`;

exports[`getApiHostByRegion() should return correct value for \${regionId} as valid region id 4`] = `"https://api.blizzard.com.cn"`;

exports[`getApiHostByRegion() should return correct value for \${regionId} as valid region id 5`] = `"https://us.api.blizzard.com"`;

exports[`getApiHostByRegion() should return correct value for \${regionId} as valid region id 6`] = `"https://eu.api.blizzard.com"`;

exports[`getApiHostByRegion() should return correct value for \${regionId} as valid region id 7`] = `"https://kr.api.blizzard.com"`;

exports[`getApiHostByRegion() should return correct value for \${regionId} as valid region id 8`] = `"https://api.blizzard.com.cn"`;

exports[`getApiHostByRegion() should return correct value for \${regionName} as valid region name 1`] = `"https://us.api.blizzard.com"`;

exports[`getApiHostByRegion() should return correct value for \${regionName} as valid region name 2`] = `"https://eu.api.blizzard.com"`;

exports[`getApiHostByRegion() should return correct value for \${regionName} as valid region name 3`] = `"https://kr.api.blizzard.com"`;

exports[`getApiHostByRegion() should return correct value for \${regionName} as valid region name 4`] = `"https://kr.api.blizzard.com"`;

exports[`getApiHostByRegion() should return correct value for \${regionName} as valid region name 5`] = `"https://api.blizzard.com.cn"`;

exports[`getApiHostByRegion() should return correct value for \${regionName} as valid region name 6`] = `"https://us.api.blizzard.com"`;

exports[`getApiHostByRegion() should return correct value for \${regionName} as valid region name 7`] = `"https://eu.api.blizzard.com"`;

exports[`getApiHostByRegion() should return correct value for \${regionName} as valid region name 8`] = `"https://kr.api.blizzard.com"`;

exports[`getApiHostByRegion() should return correct value for \${regionName} as valid region name 9`] = `"https://kr.api.blizzard.com"`;

exports[`getApiHostByRegion() should return correct value for \${regionName} as valid region name 10`] = `"https://api.blizzard.com.cn"`;

exports[`getApiHostByRegion() should return correct value for \${regionName} as valid region name 11`] = `"https://us.api.blizzard.com"`;

exports[`getApiHostByRegion() should return correct value for \${regionName} as valid region name 12`] = `"https://eu.api.blizzard.com"`;

exports[`getApiHostByRegion() should return correct value for \${regionName} as valid region name 13`] = `"https://kr.api.blizzard.com"`;

exports[`getApiHostByRegion() should return correct value for \${regionName} as valid region name 14`] = `"https://kr.api.blizzard.com"`;

exports[`getApiHostByRegion() should return correct value for \${regionName} as valid region name 15`] = `"https://api.blizzard.com.cn"`;

exports[`getApiHostByRegion() should return correct value for \${regionName} as valid region name 16`] = `"https://us.api.blizzard.com"`;

exports[`getApiHostByRegion() should return correct value for \${regionName} as valid region name 17`] = `"https://eu.api.blizzard.com"`;

exports[`getApiHostByRegion() should return correct value for \${regionName} as valid region name 18`] = `"https://kr.api.blizzard.com"`;

exports[`getApiHostByRegion() should return correct value for \${regionName} as valid region name 19`] = `"https://kr.api.blizzard.com"`;

exports[`getApiHostByRegion() should return correct value for \${regionName} as valid region name 20`] = `"https://api.blizzard.com.cn"`;
