// Jest Snapshot v1, https://goo.gl/fbAQLP

exports[`isSc2RealmValidForRegionId() should return correct value for 1 and 1 as valid parameters 1`] = `true`;

exports[`isSc2RealmValidForRegionId() should return correct value for 1 and 1 as valid parameters 2`] = `true`;

exports[`isSc2RealmValidForRegionId() should return correct value for 1 and 1 as valid parameters 3`] = `true`;

exports[`isSc2RealmValidForRegionId() should return correct value for 1 and 1 as valid parameters 4`] = `true`;

exports[`isSc2RealmValidForRegionId() should return correct value for 1 and 2 as valid parameters 1`] = `true`;

exports[`isSc2RealmValidForRegionId() should return correct value for 1 and 2 as valid parameters 2`] = `true`;

exports[`isSc2RealmValidForRegionId() should return correct value for 1 and 2 as valid parameters 3`] = `true`;

exports[`isSc2RealmValidForRegionId() should return correct value for 1 and 2 as valid parameters 4`] = `true`;

exports[`isSc2RealmValidForRegionId() should return correct value for 2 and 1 as valid parameters 1`] = `true`;

exports[`isSc2RealmValidForRegionId() should return correct value for 2 and 1 as valid parameters 2`] = `true`;

exports[`isSc2RealmValidForRegionId() should return correct value for 2 and 1 as valid parameters 3`] = `true`;

exports[`isSc2RealmValidForRegionId() should return correct value for 2 and 1 as valid parameters 4`] = `true`;

exports[`isSc2RealmValidForRegionId() should return correct value for 2 and 2 as valid parameters 1`] = `true`;

exports[`isSc2RealmValidForRegionId() should return correct value for 2 and 2 as valid parameters 2`] = `true`;

exports[`isSc2RealmValidForRegionId() should return correct value for 2 and 2 as valid parameters 3`] = `true`;

exports[`isSc2RealmValidForRegionId() should return correct value for 2 and 2 as valid parameters 4`] = `true`;

exports[`isSc2RealmValidForRegionId() should return correct value for 3 and 1 as valid parameters 1`] = `true`;

exports[`isSc2RealmValidForRegionId() should return correct value for 3 and 1 as valid parameters 2`] = `true`;

exports[`isSc2RealmValidForRegionId() should return correct value for 3 and 1 as valid parameters 3`] = `true`;

exports[`isSc2RealmValidForRegionId() should return correct value for 3 and 1 as valid parameters 4`] = `true`;

exports[`isSc2RealmValidForRegionId() should return correct value for 3 and 2 as valid parameters 1`] = `true`;

exports[`isSc2RealmValidForRegionId() should return correct value for 3 and 2 as valid parameters 2`] = `true`;

exports[`isSc2RealmValidForRegionId() should return correct value for 3 and 2 as valid parameters 3`] = `true`;

exports[`isSc2RealmValidForRegionId() should return correct value for 3 and 2 as valid parameters 4`] = `true`;

exports[`isSc2RealmValidForRegionId() should return correct value for 5 and 1 as valid parameters 1`] = `true`;

exports[`isSc2RealmValidForRegionId() should return correct value for 5 and 1 as valid parameters 2`] = `true`;

exports[`isSc2RealmValidForRegionId() should return correct value for 5 and 1 as valid parameters 3`] = `true`;

exports[`isSc2RealmValidForRegionId() should return correct value for 5 and 1 as valid parameters 4`] = `true`;

exports[`isSc2RealmValidForRegionId() should return correct value for 5 and 2 as valid parameters 1`] = `false`;

exports[`isSc2RealmValidForRegionId() should return correct value for 5 and 2 as valid parameters 2`] = `false`;

exports[`isSc2RealmValidForRegionId() should return correct value for 5 and 2 as valid parameters 3`] = `false`;

exports[`isSc2RealmValidForRegionId() should return correct value for 5 and 2 as valid parameters 4`] = `false`;
