// Jest Snapshot v1, https://goo.gl/fbAQLP

exports[`isLocaleValidForRegionId() should return true for DE_DE and 1 as valid parameters 1`] = `false`;

exports[`isLocaleValidForRegionId() should return true for DE_DE and 1 as valid parameters 2`] = `false`;

exports[`isLocaleValidForRegionId() should return true for DE_DE and 2 as valid parameters 1`] = `true`;

exports[`isLocaleValidForRegionId() should return true for DE_DE and 2 as valid parameters 2`] = `true`;

exports[`isLocaleValidForRegionId() should return true for DE_DE and 3 as valid parameters 1`] = `false`;

exports[`isLocaleValidForRegionId() should return true for DE_DE and 3 as valid parameters 2`] = `false`;

exports[`isLocaleValidForRegionId() should return true for DE_DE and 5 as valid parameters 1`] = `false`;

exports[`isLocaleValidForRegionId() should return true for DE_DE and 5 as valid parameters 2`] = `false`;

exports[`isLocaleValidForRegionId() should return true for EN_GB and 1 as valid parameters 1`] = `false`;

exports[`isLocaleValidForRegionId() should return true for EN_GB and 1 as valid parameters 2`] = `false`;

exports[`isLocaleValidForRegionId() should return true for EN_GB and 2 as valid parameters 1`] = `true`;

exports[`isLocaleValidForRegionId() should return true for EN_GB and 2 as valid parameters 2`] = `true`;

exports[`isLocaleValidForRegionId() should return true for EN_GB and 3 as valid parameters 1`] = `false`;

exports[`isLocaleValidForRegionId() should return true for EN_GB and 3 as valid parameters 2`] = `false`;

exports[`isLocaleValidForRegionId() should return true for EN_GB and 5 as valid parameters 1`] = `false`;

exports[`isLocaleValidForRegionId() should return true for EN_GB and 5 as valid parameters 2`] = `false`;

exports[`isLocaleValidForRegionId() should return true for EN_US and 1 as valid parameters 1`] = `true`;

exports[`isLocaleValidForRegionId() should return true for EN_US and 1 as valid parameters 2`] = `true`;

exports[`isLocaleValidForRegionId() should return true for EN_US and 2 as valid parameters 1`] = `false`;

exports[`isLocaleValidForRegionId() should return true for EN_US and 2 as valid parameters 2`] = `false`;

exports[`isLocaleValidForRegionId() should return true for EN_US and 3 as valid parameters 1`] = `false`;

exports[`isLocaleValidForRegionId() should return true for EN_US and 3 as valid parameters 2`] = `false`;

exports[`isLocaleValidForRegionId() should return true for EN_US and 5 as valid parameters 1`] = `false`;

exports[`isLocaleValidForRegionId() should return true for EN_US and 5 as valid parameters 2`] = `false`;

exports[`isLocaleValidForRegionId() should return true for ES_ES and 1 as valid parameters 1`] = `false`;

exports[`isLocaleValidForRegionId() should return true for ES_ES and 1 as valid parameters 2`] = `false`;

exports[`isLocaleValidForRegionId() should return true for ES_ES and 2 as valid parameters 1`] = `true`;

exports[`isLocaleValidForRegionId() should return true for ES_ES and 2 as valid parameters 2`] = `true`;

exports[`isLocaleValidForRegionId() should return true for ES_ES and 3 as valid parameters 1`] = `false`;

exports[`isLocaleValidForRegionId() should return true for ES_ES and 3 as valid parameters 2`] = `false`;

exports[`isLocaleValidForRegionId() should return true for ES_ES and 5 as valid parameters 1`] = `false`;

exports[`isLocaleValidForRegionId() should return true for ES_ES and 5 as valid parameters 2`] = `false`;

exports[`isLocaleValidForRegionId() should return true for ES_MX and 1 as valid parameters 1`] = `true`;

exports[`isLocaleValidForRegionId() should return true for ES_MX and 1 as valid parameters 2`] = `true`;

exports[`isLocaleValidForRegionId() should return true for ES_MX and 2 as valid parameters 1`] = `false`;

exports[`isLocaleValidForRegionId() should return true for ES_MX and 2 as valid parameters 2`] = `false`;

exports[`isLocaleValidForRegionId() should return true for ES_MX and 3 as valid parameters 1`] = `false`;

exports[`isLocaleValidForRegionId() should return true for ES_MX and 3 as valid parameters 2`] = `false`;

exports[`isLocaleValidForRegionId() should return true for ES_MX and 5 as valid parameters 1`] = `false`;

exports[`isLocaleValidForRegionId() should return true for ES_MX and 5 as valid parameters 2`] = `false`;

exports[`isLocaleValidForRegionId() should return true for FR_FR and 1 as valid parameters 1`] = `false`;

exports[`isLocaleValidForRegionId() should return true for FR_FR and 1 as valid parameters 2`] = `false`;

exports[`isLocaleValidForRegionId() should return true for FR_FR and 2 as valid parameters 1`] = `true`;

exports[`isLocaleValidForRegionId() should return true for FR_FR and 2 as valid parameters 2`] = `true`;

exports[`isLocaleValidForRegionId() should return true for FR_FR and 3 as valid parameters 1`] = `false`;

exports[`isLocaleValidForRegionId() should return true for FR_FR and 3 as valid parameters 2`] = `false`;

exports[`isLocaleValidForRegionId() should return true for FR_FR and 5 as valid parameters 1`] = `false`;

exports[`isLocaleValidForRegionId() should return true for FR_FR and 5 as valid parameters 2`] = `false`;

exports[`isLocaleValidForRegionId() should return true for IT_IT and 1 as valid parameters 1`] = `false`;

exports[`isLocaleValidForRegionId() should return true for IT_IT and 1 as valid parameters 2`] = `false`;

exports[`isLocaleValidForRegionId() should return true for IT_IT and 2 as valid parameters 1`] = `true`;

exports[`isLocaleValidForRegionId() should return true for IT_IT and 2 as valid parameters 2`] = `true`;

exports[`isLocaleValidForRegionId() should return true for IT_IT and 3 as valid parameters 1`] = `false`;

exports[`isLocaleValidForRegionId() should return true for IT_IT and 3 as valid parameters 2`] = `false`;

exports[`isLocaleValidForRegionId() should return true for IT_IT and 5 as valid parameters 1`] = `false`;

exports[`isLocaleValidForRegionId() should return true for IT_IT and 5 as valid parameters 2`] = `false`;

exports[`isLocaleValidForRegionId() should return true for KO_KR and 1 as valid parameters 1`] = `false`;

exports[`isLocaleValidForRegionId() should return true for KO_KR and 1 as valid parameters 2`] = `false`;

exports[`isLocaleValidForRegionId() should return true for KO_KR and 2 as valid parameters 1`] = `false`;

exports[`isLocaleValidForRegionId() should return true for KO_KR and 2 as valid parameters 2`] = `false`;

exports[`isLocaleValidForRegionId() should return true for KO_KR and 3 as valid parameters 1`] = `true`;

exports[`isLocaleValidForRegionId() should return true for KO_KR and 3 as valid parameters 2`] = `true`;

exports[`isLocaleValidForRegionId() should return true for KO_KR and 5 as valid parameters 1`] = `false`;

exports[`isLocaleValidForRegionId() should return true for KO_KR and 5 as valid parameters 2`] = `false`;

exports[`isLocaleValidForRegionId() should return true for PT_BR and 1 as valid parameters 1`] = `true`;

exports[`isLocaleValidForRegionId() should return true for PT_BR and 1 as valid parameters 2`] = `true`;

exports[`isLocaleValidForRegionId() should return true for PT_BR and 2 as valid parameters 1`] = `false`;

exports[`isLocaleValidForRegionId() should return true for PT_BR and 2 as valid parameters 2`] = `false`;

exports[`isLocaleValidForRegionId() should return true for PT_BR and 3 as valid parameters 1`] = `false`;

exports[`isLocaleValidForRegionId() should return true for PT_BR and 3 as valid parameters 2`] = `false`;

exports[`isLocaleValidForRegionId() should return true for PT_BR and 5 as valid parameters 1`] = `false`;

exports[`isLocaleValidForRegionId() should return true for PT_BR and 5 as valid parameters 2`] = `false`;

exports[`isLocaleValidForRegionId() should return true for PT_PT and 1 as valid parameters 1`] = `false`;

exports[`isLocaleValidForRegionId() should return true for PT_PT and 1 as valid parameters 2`] = `false`;

exports[`isLocaleValidForRegionId() should return true for PT_PT and 2 as valid parameters 1`] = `true`;

exports[`isLocaleValidForRegionId() should return true for PT_PT and 2 as valid parameters 2`] = `true`;

exports[`isLocaleValidForRegionId() should return true for PT_PT and 3 as valid parameters 1`] = `false`;

exports[`isLocaleValidForRegionId() should return true for PT_PT and 3 as valid parameters 2`] = `false`;

exports[`isLocaleValidForRegionId() should return true for PT_PT and 5 as valid parameters 1`] = `false`;

exports[`isLocaleValidForRegionId() should return true for PT_PT and 5 as valid parameters 2`] = `false`;

exports[`isLocaleValidForRegionId() should return true for RU_RU and 1 as valid parameters 1`] = `false`;

exports[`isLocaleValidForRegionId() should return true for RU_RU and 1 as valid parameters 2`] = `false`;

exports[`isLocaleValidForRegionId() should return true for RU_RU and 2 as valid parameters 1`] = `true`;

exports[`isLocaleValidForRegionId() should return true for RU_RU and 2 as valid parameters 2`] = `true`;

exports[`isLocaleValidForRegionId() should return true for RU_RU and 3 as valid parameters 1`] = `false`;

exports[`isLocaleValidForRegionId() should return true for RU_RU and 3 as valid parameters 2`] = `false`;

exports[`isLocaleValidForRegionId() should return true for RU_RU and 5 as valid parameters 1`] = `false`;

exports[`isLocaleValidForRegionId() should return true for RU_RU and 5 as valid parameters 2`] = `false`;

exports[`isLocaleValidForRegionId() should return true for ZH_CN and 1 as valid parameters 1`] = `false`;

exports[`isLocaleValidForRegionId() should return true for ZH_CN and 1 as valid parameters 2`] = `false`;

exports[`isLocaleValidForRegionId() should return true for ZH_CN and 2 as valid parameters 1`] = `false`;

exports[`isLocaleValidForRegionId() should return true for ZH_CN and 2 as valid parameters 2`] = `false`;

exports[`isLocaleValidForRegionId() should return true for ZH_CN and 3 as valid parameters 1`] = `false`;

exports[`isLocaleValidForRegionId() should return true for ZH_CN and 3 as valid parameters 2`] = `false`;

exports[`isLocaleValidForRegionId() should return true for ZH_CN and 5 as valid parameters 1`] = `true`;

exports[`isLocaleValidForRegionId() should return true for ZH_CN and 5 as valid parameters 2`] = `true`;

exports[`isLocaleValidForRegionId() should return true for ZH_TW and 1 as valid parameters 1`] = `false`;

exports[`isLocaleValidForRegionId() should return true for ZH_TW and 1 as valid parameters 2`] = `false`;

exports[`isLocaleValidForRegionId() should return true for ZH_TW and 2 as valid parameters 1`] = `false`;

exports[`isLocaleValidForRegionId() should return true for ZH_TW and 2 as valid parameters 2`] = `false`;

exports[`isLocaleValidForRegionId() should return true for ZH_TW and 3 as valid parameters 1`] = `true`;

exports[`isLocaleValidForRegionId() should return true for ZH_TW and 3 as valid parameters 2`] = `true`;

exports[`isLocaleValidForRegionId() should return true for ZH_TW and 5 as valid parameters 1`] = `false`;

exports[`isLocaleValidForRegionId() should return true for ZH_TW and 5 as valid parameters 2`] = `false`;

exports[`isLocaleValidForRegionId() should return true for de_DE and 1 as valid parameters 1`] = `false`;

exports[`isLocaleValidForRegionId() should return true for de_DE and 1 as valid parameters 2`] = `false`;

exports[`isLocaleValidForRegionId() should return true for de_DE and 2 as valid parameters 1`] = `true`;

exports[`isLocaleValidForRegionId() should return true for de_DE and 2 as valid parameters 2`] = `true`;

exports[`isLocaleValidForRegionId() should return true for de_DE and 3 as valid parameters 1`] = `false`;

exports[`isLocaleValidForRegionId() should return true for de_DE and 3 as valid parameters 2`] = `false`;

exports[`isLocaleValidForRegionId() should return true for de_DE and 5 as valid parameters 1`] = `false`;

exports[`isLocaleValidForRegionId() should return true for de_DE and 5 as valid parameters 2`] = `false`;

exports[`isLocaleValidForRegionId() should return true for de_de and 1 as valid parameters 1`] = `false`;

exports[`isLocaleValidForRegionId() should return true for de_de and 1 as valid parameters 2`] = `false`;

exports[`isLocaleValidForRegionId() should return true for de_de and 2 as valid parameters 1`] = `true`;

exports[`isLocaleValidForRegionId() should return true for de_de and 2 as valid parameters 2`] = `true`;

exports[`isLocaleValidForRegionId() should return true for de_de and 3 as valid parameters 1`] = `false`;

exports[`isLocaleValidForRegionId() should return true for de_de and 3 as valid parameters 2`] = `false`;

exports[`isLocaleValidForRegionId() should return true for de_de and 5 as valid parameters 1`] = `false`;

exports[`isLocaleValidForRegionId() should return true for de_de and 5 as valid parameters 2`] = `false`;

exports[`isLocaleValidForRegionId() should return true for en_GB and 1 as valid parameters 1`] = `false`;

exports[`isLocaleValidForRegionId() should return true for en_GB and 1 as valid parameters 2`] = `false`;

exports[`isLocaleValidForRegionId() should return true for en_GB and 2 as valid parameters 1`] = `true`;

exports[`isLocaleValidForRegionId() should return true for en_GB and 2 as valid parameters 2`] = `true`;

exports[`isLocaleValidForRegionId() should return true for en_GB and 3 as valid parameters 1`] = `false`;

exports[`isLocaleValidForRegionId() should return true for en_GB and 3 as valid parameters 2`] = `false`;

exports[`isLocaleValidForRegionId() should return true for en_GB and 5 as valid parameters 1`] = `false`;

exports[`isLocaleValidForRegionId() should return true for en_GB and 5 as valid parameters 2`] = `false`;

exports[`isLocaleValidForRegionId() should return true for en_US and 1 as valid parameters 1`] = `true`;

exports[`isLocaleValidForRegionId() should return true for en_US and 1 as valid parameters 2`] = `true`;

exports[`isLocaleValidForRegionId() should return true for en_US and 2 as valid parameters 1`] = `false`;

exports[`isLocaleValidForRegionId() should return true for en_US and 2 as valid parameters 2`] = `false`;

exports[`isLocaleValidForRegionId() should return true for en_US and 3 as valid parameters 1`] = `false`;

exports[`isLocaleValidForRegionId() should return true for en_US and 3 as valid parameters 2`] = `false`;

exports[`isLocaleValidForRegionId() should return true for en_US and 5 as valid parameters 1`] = `false`;

exports[`isLocaleValidForRegionId() should return true for en_US and 5 as valid parameters 2`] = `false`;

exports[`isLocaleValidForRegionId() should return true for en_gb and 1 as valid parameters 1`] = `false`;

exports[`isLocaleValidForRegionId() should return true for en_gb and 1 as valid parameters 2`] = `false`;

exports[`isLocaleValidForRegionId() should return true for en_gb and 2 as valid parameters 1`] = `true`;

exports[`isLocaleValidForRegionId() should return true for en_gb and 2 as valid parameters 2`] = `true`;

exports[`isLocaleValidForRegionId() should return true for en_gb and 3 as valid parameters 1`] = `false`;

exports[`isLocaleValidForRegionId() should return true for en_gb and 3 as valid parameters 2`] = `false`;

exports[`isLocaleValidForRegionId() should return true for en_gb and 5 as valid parameters 1`] = `false`;

exports[`isLocaleValidForRegionId() should return true for en_gb and 5 as valid parameters 2`] = `false`;

exports[`isLocaleValidForRegionId() should return true for en_us and 1 as valid parameters 1`] = `true`;

exports[`isLocaleValidForRegionId() should return true for en_us and 1 as valid parameters 2`] = `true`;

exports[`isLocaleValidForRegionId() should return true for en_us and 2 as valid parameters 1`] = `false`;

exports[`isLocaleValidForRegionId() should return true for en_us and 2 as valid parameters 2`] = `false`;

exports[`isLocaleValidForRegionId() should return true for en_us and 3 as valid parameters 1`] = `false`;

exports[`isLocaleValidForRegionId() should return true for en_us and 3 as valid parameters 2`] = `false`;

exports[`isLocaleValidForRegionId() should return true for en_us and 5 as valid parameters 1`] = `false`;

exports[`isLocaleValidForRegionId() should return true for en_us and 5 as valid parameters 2`] = `false`;

exports[`isLocaleValidForRegionId() should return true for es_ES and 1 as valid parameters 1`] = `false`;

exports[`isLocaleValidForRegionId() should return true for es_ES and 1 as valid parameters 2`] = `false`;

exports[`isLocaleValidForRegionId() should return true for es_ES and 2 as valid parameters 1`] = `true`;

exports[`isLocaleValidForRegionId() should return true for es_ES and 2 as valid parameters 2`] = `true`;

exports[`isLocaleValidForRegionId() should return true for es_ES and 3 as valid parameters 1`] = `false`;

exports[`isLocaleValidForRegionId() should return true for es_ES and 3 as valid parameters 2`] = `false`;

exports[`isLocaleValidForRegionId() should return true for es_ES and 5 as valid parameters 1`] = `false`;

exports[`isLocaleValidForRegionId() should return true for es_ES and 5 as valid parameters 2`] = `false`;

exports[`isLocaleValidForRegionId() should return true for es_MX and 1 as valid parameters 1`] = `true`;

exports[`isLocaleValidForRegionId() should return true for es_MX and 1 as valid parameters 2`] = `true`;

exports[`isLocaleValidForRegionId() should return true for es_MX and 2 as valid parameters 1`] = `false`;

exports[`isLocaleValidForRegionId() should return true for es_MX and 2 as valid parameters 2`] = `false`;

exports[`isLocaleValidForRegionId() should return true for es_MX and 3 as valid parameters 1`] = `false`;

exports[`isLocaleValidForRegionId() should return true for es_MX and 3 as valid parameters 2`] = `false`;

exports[`isLocaleValidForRegionId() should return true for es_MX and 5 as valid parameters 1`] = `false`;

exports[`isLocaleValidForRegionId() should return true for es_MX and 5 as valid parameters 2`] = `false`;

exports[`isLocaleValidForRegionId() should return true for es_es and 1 as valid parameters 1`] = `false`;

exports[`isLocaleValidForRegionId() should return true for es_es and 1 as valid parameters 2`] = `false`;

exports[`isLocaleValidForRegionId() should return true for es_es and 2 as valid parameters 1`] = `true`;

exports[`isLocaleValidForRegionId() should return true for es_es and 2 as valid parameters 2`] = `true`;

exports[`isLocaleValidForRegionId() should return true for es_es and 3 as valid parameters 1`] = `false`;

exports[`isLocaleValidForRegionId() should return true for es_es and 3 as valid parameters 2`] = `false`;

exports[`isLocaleValidForRegionId() should return true for es_es and 5 as valid parameters 1`] = `false`;

exports[`isLocaleValidForRegionId() should return true for es_es and 5 as valid parameters 2`] = `false`;

exports[`isLocaleValidForRegionId() should return true for es_mx and 1 as valid parameters 1`] = `true`;

exports[`isLocaleValidForRegionId() should return true for es_mx and 1 as valid parameters 2`] = `true`;

exports[`isLocaleValidForRegionId() should return true for es_mx and 2 as valid parameters 1`] = `false`;

exports[`isLocaleValidForRegionId() should return true for es_mx and 2 as valid parameters 2`] = `false`;

exports[`isLocaleValidForRegionId() should return true for es_mx and 3 as valid parameters 1`] = `false`;

exports[`isLocaleValidForRegionId() should return true for es_mx and 3 as valid parameters 2`] = `false`;

exports[`isLocaleValidForRegionId() should return true for es_mx and 5 as valid parameters 1`] = `false`;

exports[`isLocaleValidForRegionId() should return true for es_mx and 5 as valid parameters 2`] = `false`;

exports[`isLocaleValidForRegionId() should return true for fr_FR and 1 as valid parameters 1`] = `false`;

exports[`isLocaleValidForRegionId() should return true for fr_FR and 1 as valid parameters 2`] = `false`;

exports[`isLocaleValidForRegionId() should return true for fr_FR and 2 as valid parameters 1`] = `true`;

exports[`isLocaleValidForRegionId() should return true for fr_FR and 2 as valid parameters 2`] = `true`;

exports[`isLocaleValidForRegionId() should return true for fr_FR and 3 as valid parameters 1`] = `false`;

exports[`isLocaleValidForRegionId() should return true for fr_FR and 3 as valid parameters 2`] = `false`;

exports[`isLocaleValidForRegionId() should return true for fr_FR and 5 as valid parameters 1`] = `false`;

exports[`isLocaleValidForRegionId() should return true for fr_FR and 5 as valid parameters 2`] = `false`;

exports[`isLocaleValidForRegionId() should return true for fr_fr and 1 as valid parameters 1`] = `false`;

exports[`isLocaleValidForRegionId() should return true for fr_fr and 1 as valid parameters 2`] = `false`;

exports[`isLocaleValidForRegionId() should return true for fr_fr and 2 as valid parameters 1`] = `true`;

exports[`isLocaleValidForRegionId() should return true for fr_fr and 2 as valid parameters 2`] = `true`;

exports[`isLocaleValidForRegionId() should return true for fr_fr and 3 as valid parameters 1`] = `false`;

exports[`isLocaleValidForRegionId() should return true for fr_fr and 3 as valid parameters 2`] = `false`;

exports[`isLocaleValidForRegionId() should return true for fr_fr and 5 as valid parameters 1`] = `false`;

exports[`isLocaleValidForRegionId() should return true for fr_fr and 5 as valid parameters 2`] = `false`;

exports[`isLocaleValidForRegionId() should return true for it_IT and 1 as valid parameters 1`] = `false`;

exports[`isLocaleValidForRegionId() should return true for it_IT and 1 as valid parameters 2`] = `false`;

exports[`isLocaleValidForRegionId() should return true for it_IT and 2 as valid parameters 1`] = `true`;

exports[`isLocaleValidForRegionId() should return true for it_IT and 2 as valid parameters 2`] = `true`;

exports[`isLocaleValidForRegionId() should return true for it_IT and 3 as valid parameters 1`] = `false`;

exports[`isLocaleValidForRegionId() should return true for it_IT and 3 as valid parameters 2`] = `false`;

exports[`isLocaleValidForRegionId() should return true for it_IT and 5 as valid parameters 1`] = `false`;

exports[`isLocaleValidForRegionId() should return true for it_IT and 5 as valid parameters 2`] = `false`;

exports[`isLocaleValidForRegionId() should return true for it_it and 1 as valid parameters 1`] = `false`;

exports[`isLocaleValidForRegionId() should return true for it_it and 1 as valid parameters 2`] = `false`;

exports[`isLocaleValidForRegionId() should return true for it_it and 2 as valid parameters 1`] = `true`;

exports[`isLocaleValidForRegionId() should return true for it_it and 2 as valid parameters 2`] = `true`;

exports[`isLocaleValidForRegionId() should return true for it_it and 3 as valid parameters 1`] = `false`;

exports[`isLocaleValidForRegionId() should return true for it_it and 3 as valid parameters 2`] = `false`;

exports[`isLocaleValidForRegionId() should return true for it_it and 5 as valid parameters 1`] = `false`;

exports[`isLocaleValidForRegionId() should return true for it_it and 5 as valid parameters 2`] = `false`;

exports[`isLocaleValidForRegionId() should return true for ko_KR and 1 as valid parameters 1`] = `false`;

exports[`isLocaleValidForRegionId() should return true for ko_KR and 1 as valid parameters 2`] = `false`;

exports[`isLocaleValidForRegionId() should return true for ko_KR and 2 as valid parameters 1`] = `false`;

exports[`isLocaleValidForRegionId() should return true for ko_KR and 2 as valid parameters 2`] = `false`;

exports[`isLocaleValidForRegionId() should return true for ko_KR and 3 as valid parameters 1`] = `true`;

exports[`isLocaleValidForRegionId() should return true for ko_KR and 3 as valid parameters 2`] = `true`;

exports[`isLocaleValidForRegionId() should return true for ko_KR and 5 as valid parameters 1`] = `false`;

exports[`isLocaleValidForRegionId() should return true for ko_KR and 5 as valid parameters 2`] = `false`;

exports[`isLocaleValidForRegionId() should return true for ko_kr and 1 as valid parameters 1`] = `false`;

exports[`isLocaleValidForRegionId() should return true for ko_kr and 1 as valid parameters 2`] = `false`;

exports[`isLocaleValidForRegionId() should return true for ko_kr and 2 as valid parameters 1`] = `false`;

exports[`isLocaleValidForRegionId() should return true for ko_kr and 2 as valid parameters 2`] = `false`;

exports[`isLocaleValidForRegionId() should return true for ko_kr and 3 as valid parameters 1`] = `true`;

exports[`isLocaleValidForRegionId() should return true for ko_kr and 3 as valid parameters 2`] = `true`;

exports[`isLocaleValidForRegionId() should return true for ko_kr and 5 as valid parameters 1`] = `false`;

exports[`isLocaleValidForRegionId() should return true for ko_kr and 5 as valid parameters 2`] = `false`;

exports[`isLocaleValidForRegionId() should return true for pt_BR and 1 as valid parameters 1`] = `true`;

exports[`isLocaleValidForRegionId() should return true for pt_BR and 1 as valid parameters 2`] = `true`;

exports[`isLocaleValidForRegionId() should return true for pt_BR and 2 as valid parameters 1`] = `false`;

exports[`isLocaleValidForRegionId() should return true for pt_BR and 2 as valid parameters 2`] = `false`;

exports[`isLocaleValidForRegionId() should return true for pt_BR and 3 as valid parameters 1`] = `false`;

exports[`isLocaleValidForRegionId() should return true for pt_BR and 3 as valid parameters 2`] = `false`;

exports[`isLocaleValidForRegionId() should return true for pt_BR and 5 as valid parameters 1`] = `false`;

exports[`isLocaleValidForRegionId() should return true for pt_BR and 5 as valid parameters 2`] = `false`;

exports[`isLocaleValidForRegionId() should return true for pt_PT and 1 as valid parameters 1`] = `false`;

exports[`isLocaleValidForRegionId() should return true for pt_PT and 1 as valid parameters 2`] = `false`;

exports[`isLocaleValidForRegionId() should return true for pt_PT and 2 as valid parameters 1`] = `true`;

exports[`isLocaleValidForRegionId() should return true for pt_PT and 2 as valid parameters 2`] = `true`;

exports[`isLocaleValidForRegionId() should return true for pt_PT and 3 as valid parameters 1`] = `false`;

exports[`isLocaleValidForRegionId() should return true for pt_PT and 3 as valid parameters 2`] = `false`;

exports[`isLocaleValidForRegionId() should return true for pt_PT and 5 as valid parameters 1`] = `false`;

exports[`isLocaleValidForRegionId() should return true for pt_PT and 5 as valid parameters 2`] = `false`;

exports[`isLocaleValidForRegionId() should return true for pt_br and 1 as valid parameters 1`] = `true`;

exports[`isLocaleValidForRegionId() should return true for pt_br and 1 as valid parameters 2`] = `true`;

exports[`isLocaleValidForRegionId() should return true for pt_br and 2 as valid parameters 1`] = `false`;

exports[`isLocaleValidForRegionId() should return true for pt_br and 2 as valid parameters 2`] = `false`;

exports[`isLocaleValidForRegionId() should return true for pt_br and 3 as valid parameters 1`] = `false`;

exports[`isLocaleValidForRegionId() should return true for pt_br and 3 as valid parameters 2`] = `false`;

exports[`isLocaleValidForRegionId() should return true for pt_br and 5 as valid parameters 1`] = `false`;

exports[`isLocaleValidForRegionId() should return true for pt_br and 5 as valid parameters 2`] = `false`;

exports[`isLocaleValidForRegionId() should return true for pt_pt and 1 as valid parameters 1`] = `false`;

exports[`isLocaleValidForRegionId() should return true for pt_pt and 1 as valid parameters 2`] = `false`;

exports[`isLocaleValidForRegionId() should return true for pt_pt and 2 as valid parameters 1`] = `true`;

exports[`isLocaleValidForRegionId() should return true for pt_pt and 2 as valid parameters 2`] = `true`;

exports[`isLocaleValidForRegionId() should return true for pt_pt and 3 as valid parameters 1`] = `false`;

exports[`isLocaleValidForRegionId() should return true for pt_pt and 3 as valid parameters 2`] = `false`;

exports[`isLocaleValidForRegionId() should return true for pt_pt and 5 as valid parameters 1`] = `false`;

exports[`isLocaleValidForRegionId() should return true for pt_pt and 5 as valid parameters 2`] = `false`;

exports[`isLocaleValidForRegionId() should return true for ru_RU and 1 as valid parameters 1`] = `false`;

exports[`isLocaleValidForRegionId() should return true for ru_RU and 1 as valid parameters 2`] = `false`;

exports[`isLocaleValidForRegionId() should return true for ru_RU and 2 as valid parameters 1`] = `true`;

exports[`isLocaleValidForRegionId() should return true for ru_RU and 2 as valid parameters 2`] = `true`;

exports[`isLocaleValidForRegionId() should return true for ru_RU and 3 as valid parameters 1`] = `false`;

exports[`isLocaleValidForRegionId() should return true for ru_RU and 3 as valid parameters 2`] = `false`;

exports[`isLocaleValidForRegionId() should return true for ru_RU and 5 as valid parameters 1`] = `false`;

exports[`isLocaleValidForRegionId() should return true for ru_RU and 5 as valid parameters 2`] = `false`;

exports[`isLocaleValidForRegionId() should return true for ru_ru and 1 as valid parameters 1`] = `false`;

exports[`isLocaleValidForRegionId() should return true for ru_ru and 1 as valid parameters 2`] = `false`;

exports[`isLocaleValidForRegionId() should return true for ru_ru and 2 as valid parameters 1`] = `true`;

exports[`isLocaleValidForRegionId() should return true for ru_ru and 2 as valid parameters 2`] = `true`;

exports[`isLocaleValidForRegionId() should return true for ru_ru and 3 as valid parameters 1`] = `false`;

exports[`isLocaleValidForRegionId() should return true for ru_ru and 3 as valid parameters 2`] = `false`;

exports[`isLocaleValidForRegionId() should return true for ru_ru and 5 as valid parameters 1`] = `false`;

exports[`isLocaleValidForRegionId() should return true for ru_ru and 5 as valid parameters 2`] = `false`;

exports[`isLocaleValidForRegionId() should return true for zh_CN and 1 as valid parameters 1`] = `false`;

exports[`isLocaleValidForRegionId() should return true for zh_CN and 1 as valid parameters 2`] = `false`;

exports[`isLocaleValidForRegionId() should return true for zh_CN and 2 as valid parameters 1`] = `false`;

exports[`isLocaleValidForRegionId() should return true for zh_CN and 2 as valid parameters 2`] = `false`;

exports[`isLocaleValidForRegionId() should return true for zh_CN and 3 as valid parameters 1`] = `false`;

exports[`isLocaleValidForRegionId() should return true for zh_CN and 3 as valid parameters 2`] = `false`;

exports[`isLocaleValidForRegionId() should return true for zh_CN and 5 as valid parameters 1`] = `true`;

exports[`isLocaleValidForRegionId() should return true for zh_CN and 5 as valid parameters 2`] = `true`;

exports[`isLocaleValidForRegionId() should return true for zh_TW and 1 as valid parameters 1`] = `false`;

exports[`isLocaleValidForRegionId() should return true for zh_TW and 1 as valid parameters 2`] = `false`;

exports[`isLocaleValidForRegionId() should return true for zh_TW and 2 as valid parameters 1`] = `false`;

exports[`isLocaleValidForRegionId() should return true for zh_TW and 2 as valid parameters 2`] = `false`;

exports[`isLocaleValidForRegionId() should return true for zh_TW and 3 as valid parameters 1`] = `true`;

exports[`isLocaleValidForRegionId() should return true for zh_TW and 3 as valid parameters 2`] = `true`;

exports[`isLocaleValidForRegionId() should return true for zh_TW and 5 as valid parameters 1`] = `false`;

exports[`isLocaleValidForRegionId() should return true for zh_TW and 5 as valid parameters 2`] = `false`;

exports[`isLocaleValidForRegionId() should return true for zh_cn and 1 as valid parameters 1`] = `false`;

exports[`isLocaleValidForRegionId() should return true for zh_cn and 1 as valid parameters 2`] = `false`;

exports[`isLocaleValidForRegionId() should return true for zh_cn and 2 as valid parameters 1`] = `false`;

exports[`isLocaleValidForRegionId() should return true for zh_cn and 2 as valid parameters 2`] = `false`;

exports[`isLocaleValidForRegionId() should return true for zh_cn and 3 as valid parameters 1`] = `false`;

exports[`isLocaleValidForRegionId() should return true for zh_cn and 3 as valid parameters 2`] = `false`;

exports[`isLocaleValidForRegionId() should return true for zh_cn and 5 as valid parameters 1`] = `true`;

exports[`isLocaleValidForRegionId() should return true for zh_cn and 5 as valid parameters 2`] = `true`;

exports[`isLocaleValidForRegionId() should return true for zh_tw and 1 as valid parameters 1`] = `false`;

exports[`isLocaleValidForRegionId() should return true for zh_tw and 1 as valid parameters 2`] = `false`;

exports[`isLocaleValidForRegionId() should return true for zh_tw and 2 as valid parameters 1`] = `false`;

exports[`isLocaleValidForRegionId() should return true for zh_tw and 2 as valid parameters 2`] = `false`;

exports[`isLocaleValidForRegionId() should return true for zh_tw and 3 as valid parameters 1`] = `true`;

exports[`isLocaleValidForRegionId() should return true for zh_tw and 3 as valid parameters 2`] = `true`;

exports[`isLocaleValidForRegionId() should return true for zh_tw and 5 as valid parameters 1`] = `false`;

exports[`isLocaleValidForRegionId() should return true for zh_tw and 5 as valid parameters 2`] = `false`;
