// Jest Snapshot v1, https://goo.gl/fbAQLP

exports[`Helpers module should expose all modules 1`] = `
Object {
  "delay": [Function],
  "endpoint": [Function],
  "endpoints": [Function],
  "endpointsWithSelectors": [Function],
  "fetchAccessToken": [Function],
  "fetchFromUri": [Function],
  "getAccessToken": [Function],
  "query": [Function],
  "queryBatch": [Function],
  "querySearch": [Function],
  "querySearchBatch": [Function],
  "searchObjectBySelector": [Function],
  "selector": [Function],
  "uri": [Function],
  "validateAccessToken": [Function],
}
`;
