// Jest Snapshot v1, https://goo.gl/fbAQLP

exports[`getUriByRegionId() should return correct value for \${regionId} and \${constantKey} as valid parameters 1`] = `"https://us.api.blizzard.com"`;

exports[`getUriByRegionId() should return correct value for \${regionId} and \${constantKey} as valid parameters 2`] = `"https://us.battle.net/oauth/authorize"`;

exports[`getUriByRegionId() should return correct value for \${regionId} and \${constantKey} as valid parameters 3`] = `"https://us.battle.net/oauth/token"`;

exports[`getUriByRegionId() should return correct value for \${regionId} and \${constantKey} as valid parameters 4`] = `"https://us.battle.net/oauth/check_token?token="`;

exports[`getUriByRegionId() should return correct value for \${regionId} and \${constantKey} as valid parameters 5`] = `"https://eu.api.blizzard.com"`;

exports[`getUriByRegionId() should return correct value for \${regionId} and \${constantKey} as valid parameters 6`] = `"https://eu.battle.net/oauth/authorize"`;

exports[`getUriByRegionId() should return correct value for \${regionId} and \${constantKey} as valid parameters 7`] = `"https://eu.battle.net/oauth/token"`;

exports[`getUriByRegionId() should return correct value for \${regionId} and \${constantKey} as valid parameters 8`] = `"https://eu.battle.net/oauth/check_token?token="`;

exports[`getUriByRegionId() should return correct value for \${regionId} and \${constantKey} as valid parameters 9`] = `"https://kr.api.blizzard.com"`;

exports[`getUriByRegionId() should return correct value for \${regionId} and \${constantKey} as valid parameters 10`] = `"https://apac.battle.net/oauth/authorize"`;

exports[`getUriByRegionId() should return correct value for \${regionId} and \${constantKey} as valid parameters 11`] = `"https://apac.battle.net/oauth/token"`;

exports[`getUriByRegionId() should return correct value for \${regionId} and \${constantKey} as valid parameters 12`] = `"https://apac.battle.net/oauth/check_token?token="`;

exports[`getUriByRegionId() should return correct value for \${regionId} and \${constantKey} as valid parameters 13`] = `"https://api.blizzard.com.cn"`;

exports[`getUriByRegionId() should return correct value for \${regionId} and \${constantKey} as valid parameters 14`] = `"https://www.battlenet.com.cn/oauth/authorize"`;

exports[`getUriByRegionId() should return correct value for \${regionId} and \${constantKey} as valid parameters 15`] = `"https://www.battlenet.com.cn/oauth/token"`;

exports[`getUriByRegionId() should return correct value for \${regionId} and \${constantKey} as valid parameters 16`] = `"https://www.battlenet.com.cn/oauth/check_token?token="`;

exports[`getUriByRegionId() should return correct value for \${regionId} and \${constantKey} as valid parameters 17`] = `"https://us.api.blizzard.com"`;

exports[`getUriByRegionId() should return correct value for \${regionId} and \${constantKey} as valid parameters 18`] = `"https://us.battle.net/oauth/authorize"`;

exports[`getUriByRegionId() should return correct value for \${regionId} and \${constantKey} as valid parameters 19`] = `"https://us.battle.net/oauth/token"`;

exports[`getUriByRegionId() should return correct value for \${regionId} and \${constantKey} as valid parameters 20`] = `"https://us.battle.net/oauth/check_token?token="`;

exports[`getUriByRegionId() should return correct value for \${regionId} and \${constantKey} as valid parameters 21`] = `"https://eu.api.blizzard.com"`;

exports[`getUriByRegionId() should return correct value for \${regionId} and \${constantKey} as valid parameters 22`] = `"https://eu.battle.net/oauth/authorize"`;

exports[`getUriByRegionId() should return correct value for \${regionId} and \${constantKey} as valid parameters 23`] = `"https://eu.battle.net/oauth/token"`;

exports[`getUriByRegionId() should return correct value for \${regionId} and \${constantKey} as valid parameters 24`] = `"https://eu.battle.net/oauth/check_token?token="`;

exports[`getUriByRegionId() should return correct value for \${regionId} and \${constantKey} as valid parameters 25`] = `"https://kr.api.blizzard.com"`;

exports[`getUriByRegionId() should return correct value for \${regionId} and \${constantKey} as valid parameters 26`] = `"https://apac.battle.net/oauth/authorize"`;

exports[`getUriByRegionId() should return correct value for \${regionId} and \${constantKey} as valid parameters 27`] = `"https://apac.battle.net/oauth/token"`;

exports[`getUriByRegionId() should return correct value for \${regionId} and \${constantKey} as valid parameters 28`] = `"https://apac.battle.net/oauth/check_token?token="`;

exports[`getUriByRegionId() should return correct value for \${regionId} and \${constantKey} as valid parameters 29`] = `"https://api.blizzard.com.cn"`;

exports[`getUriByRegionId() should return correct value for \${regionId} and \${constantKey} as valid parameters 30`] = `"https://www.battlenet.com.cn/oauth/authorize"`;

exports[`getUriByRegionId() should return correct value for \${regionId} and \${constantKey} as valid parameters 31`] = `"https://www.battlenet.com.cn/oauth/token"`;

exports[`getUriByRegionId() should return correct value for \${regionId} and \${constantKey} as valid parameters 32`] = `"https://www.battlenet.com.cn/oauth/check_token?token="`;

exports[`getUriByRegionId() should return correct value for 1 and OAUTH_AUTHORIZE_URIS as valid parameters 1`] = `"https://us.battle.net/oauth/authorize"`;

exports[`getUriByRegionId() should return correct value for 1 and OAUTH_AUTHORIZE_URIS as valid parameters 2`] = `"https://us.battle.net/oauth/authorize"`;

exports[`getUriByRegionId() should return correct value for 1 and OAUTH_CHECK_TOKEN_URIS as valid parameters 1`] = `"https://us.battle.net/oauth/check_token?token="`;

exports[`getUriByRegionId() should return correct value for 1 and OAUTH_CHECK_TOKEN_URIS as valid parameters 2`] = `"https://us.battle.net/oauth/check_token?token="`;

exports[`getUriByRegionId() should return correct value for 1 and OAUTH_TOKEN_URIS as valid parameters 1`] = `"https://us.battle.net/oauth/token"`;

exports[`getUriByRegionId() should return correct value for 1 and OAUTH_TOKEN_URIS as valid parameters 2`] = `"https://us.battle.net/oauth/token"`;

exports[`getUriByRegionId() should return correct value for 1 and REGION_API_HOSTS as valid parameters 1`] = `"https://us.api.blizzard.com"`;

exports[`getUriByRegionId() should return correct value for 1 and REGION_API_HOSTS as valid parameters 2`] = `"https://us.api.blizzard.com"`;

exports[`getUriByRegionId() should return correct value for 2 and OAUTH_AUTHORIZE_URIS as valid parameters 1`] = `"https://eu.battle.net/oauth/authorize"`;

exports[`getUriByRegionId() should return correct value for 2 and OAUTH_AUTHORIZE_URIS as valid parameters 2`] = `"https://eu.battle.net/oauth/authorize"`;

exports[`getUriByRegionId() should return correct value for 2 and OAUTH_CHECK_TOKEN_URIS as valid parameters 1`] = `"https://eu.battle.net/oauth/check_token?token="`;

exports[`getUriByRegionId() should return correct value for 2 and OAUTH_CHECK_TOKEN_URIS as valid parameters 2`] = `"https://eu.battle.net/oauth/check_token?token="`;

exports[`getUriByRegionId() should return correct value for 2 and OAUTH_TOKEN_URIS as valid parameters 1`] = `"https://eu.battle.net/oauth/token"`;

exports[`getUriByRegionId() should return correct value for 2 and OAUTH_TOKEN_URIS as valid parameters 2`] = `"https://eu.battle.net/oauth/token"`;

exports[`getUriByRegionId() should return correct value for 2 and REGION_API_HOSTS as valid parameters 1`] = `"https://eu.api.blizzard.com"`;

exports[`getUriByRegionId() should return correct value for 2 and REGION_API_HOSTS as valid parameters 2`] = `"https://eu.api.blizzard.com"`;

exports[`getUriByRegionId() should return correct value for 3 and OAUTH_AUTHORIZE_URIS as valid parameters 1`] = `"https://apac.battle.net/oauth/authorize"`;

exports[`getUriByRegionId() should return correct value for 3 and OAUTH_AUTHORIZE_URIS as valid parameters 2`] = `"https://apac.battle.net/oauth/authorize"`;

exports[`getUriByRegionId() should return correct value for 3 and OAUTH_CHECK_TOKEN_URIS as valid parameters 1`] = `"https://apac.battle.net/oauth/check_token?token="`;

exports[`getUriByRegionId() should return correct value for 3 and OAUTH_CHECK_TOKEN_URIS as valid parameters 2`] = `"https://apac.battle.net/oauth/check_token?token="`;

exports[`getUriByRegionId() should return correct value for 3 and OAUTH_TOKEN_URIS as valid parameters 1`] = `"https://apac.battle.net/oauth/token"`;

exports[`getUriByRegionId() should return correct value for 3 and OAUTH_TOKEN_URIS as valid parameters 2`] = `"https://apac.battle.net/oauth/token"`;

exports[`getUriByRegionId() should return correct value for 3 and REGION_API_HOSTS as valid parameters 1`] = `
Array [
  "https://kr.api.blizzard.com",
  "https://tw.api.blizzard.com/",
]
`;

exports[`getUriByRegionId() should return correct value for 3 and REGION_API_HOSTS as valid parameters 2`] = `
Array [
  "https://kr.api.blizzard.com",
  "https://tw.api.blizzard.com/",
]
`;

exports[`getUriByRegionId() should return correct value for 5 and OAUTH_AUTHORIZE_URIS as valid parameters 1`] = `"https://www.battlenet.com.cn/oauth/authorize"`;

exports[`getUriByRegionId() should return correct value for 5 and OAUTH_AUTHORIZE_URIS as valid parameters 2`] = `"https://www.battlenet.com.cn/oauth/authorize"`;

exports[`getUriByRegionId() should return correct value for 5 and OAUTH_CHECK_TOKEN_URIS as valid parameters 1`] = `"https://www.battlenet.com.cn/oauth/check_token?token="`;

exports[`getUriByRegionId() should return correct value for 5 and OAUTH_CHECK_TOKEN_URIS as valid parameters 2`] = `"https://www.battlenet.com.cn/oauth/check_token?token="`;

exports[`getUriByRegionId() should return correct value for 5 and OAUTH_TOKEN_URIS as valid parameters 1`] = `"https://www.battlenet.com.cn/oauth/token"`;

exports[`getUriByRegionId() should return correct value for 5 and OAUTH_TOKEN_URIS as valid parameters 2`] = `"https://www.battlenet.com.cn/oauth/token"`;

exports[`getUriByRegionId() should return correct value for 5 and REGION_API_HOSTS as valid parameters 1`] = `"https://gateway.battlenet.com.cn/"`;

exports[`getUriByRegionId() should return correct value for 5 and REGION_API_HOSTS as valid parameters 2`] = `"https://gateway.battlenet.com.cn/"`;
