// Jest Snapshot v1, https://goo.gl/fbAQLP

exports[`REGION_API_HOSTS should match snapshot 1`] = `
{
  "1": "https://us.api.blizzard.com",
  "2": "https://eu.api.blizzard.com",
  "3": [
    "https://kr.api.blizzard.com",
    "https://tw.api.blizzard.com",
  ],
  "5": "https://gateway.battlenet.com.cn",
}
`;
