// Jest Snapshot v1, https://goo.gl/fbAQLP

exports[`getAccessTokenObject() returns correct response for GET request to a valid uri 1`] = `
{
  "access_token": "no_access_token_provided",
  "headers": {
    "data": "default sample headers",
  },
  "params": {
    "data": "default sample params",
  },
  "timeout": 10000,
  "title": "sample mocked data for POST request to https://us.battle.net/oauth/token",
}
`;
